// Jest Snapshot v1, https://goo.gl/fbAQLP

exports[`App has the expected html structure 1`] = `
<div
  id="app"
>
  <div
    id="nav"
  >
    <!---->
  </div>
   
  <router-view-stub />
</div>
`;
