// Jest Snapshot v1, https://goo.gl/fbAQLP

exports[`CardPreview has the expected html structure 1`] = `
<div>
  <div
    id="cardprev"
  >
    <p>
      test card
    </p>
     
    <button
      id="delete"
    >
      Ã—
    </button>
  </div>
   
  <!---->
   
  <!---->
</div>
`;
