// Jest Snapshot v1, https://goo.gl/fbAQLP

exports[`BoardPreview has the expected html structure 1`] = `
<div
  id="boardprev"
>
  <router-link-stub
    to="/board/1"
  >
    <h2>
      test board
    </h2>
  </router-link-stub>
   
  <button
    id="delete"
  >
    Ã—
  </button>
</div>
`;
