// Jest Snapshot v1, https://goo.gl/fbAQLP

exports[`Timeline has the expected html structure 1`] = `<!---->`;
